// Jest Snapshot v1, https://goo.gl/fbAQLP

exports[`Validator Default settings snapshot 1`] = `
Object {
  "global": Object {
    "arch": "x86",
    "concurrent": true,
    "excludes": Array [],
    "files": Array [
      "**/*",
    ],
    "icon": undefined,
    "junk": Array [],
    "mirror": "https://dl.nwjs.io/",
    "nwFlavor": "normal",
    "nwVersion": "match",
    "outputPattern": "{{name}}-{{version}}-{{platform}}-{{arch}}",
    "outputType": "zip",
    "platform": "win",
    "strippedManifestProperties": Array [],
    "unIcon": undefined,
    "verbose": true,
  },
  "tasks": Array [],
}
`;
